Степновский
DbServer:26031_ex_prod-2010
Степновский
DbServer:26031_ex_prod-2010
ИОП
DbServer:26037_ex_prod-2010
Степновский
DbServer:2
Степновский
DbServer:26031_ex_prod-2010
Степновский
DbServer:26031_ex_prod-2010
ИОП
DbServer:26037_ex_prod-2010
Степновский
DbServer:2
Степновский
DbServer:26031_ex_prod-2010
Степновский
DbServer:26031_ex_prod-2010
ИОП
DbServer:26037_ex_prod-2010
Степновский
DbServer:2
Степновский
DbServer:26031_ex_prod-2010
Степновский
DbServer:26031_ex_prod-2010
ИОП
DbServer:26037_ex_prod-2010
Степновский
DbServer:2
Степновский
DbServer:26031_ex_prod-2010
Степновский
DbServer:26031_ex_prod-2010
ИОП
DbServer:26037_ex_prod-2010
Степновский
DbServer:2
Степновский
DbServer:26031_ex_prod-2010
Степновский
DbServer:26031_ex_prod-2010
ИОП
DbServer:26037_ex_prod-2010
Степновский
DbServer:2
Степновский
DbServer:26031_ex_prod-2010
Степновский
DbServer:26031_ex_prod-2010
ИОП
DbServer:26037_ex_prod-2010
Степновский
DbServer:2
Степновский
DbServer:26031_ex_prod-2010
Степновский
DbServer:26031_ex_prod-2010
ИОП
DbServer:26037_ex_prod-2010
Степновский
DbServer:2
Степновский
DbServer:26031_ex_prod-2010
Степновский
DbServer:26031_ex_prod-2010
ИОП
DbServer:26037_ex_prod-2010
Степновский
DbServer:2
Степновский
DbServer:26031_ex_prod-2010
Степновский
DbServer:26031_ex_prod-2010
ИОП
DbServer:26037_ex_prod-2010
Степновский
DbServer:2